// Jest Snapshot v1, https://goo.gl/fbAQLP

exports[`Tests in <GifGridItem/> should match with the snapshot 1`] = `
<div>
  <div
    class="card"
  >
    <img
      alt="fdf"
      src="dfd"
    />
    <p>
      fdf
    </p>
  </div>
</div>
`;
